================================================================
2026-09-08 複数ターン行動の所要時間 — 計測基盤の整備（F-29 一次記録）
================================================================

報告:
  「粉砕や睡眠、本を読むなどの複数ターンが経過する行動において、
    現実時間で膨大な時間を要し、進捗をシームレスに確認できない
    （停滞しているように見える）などの症状があった」

  方針の指示:
  「個人的にリアルタイム基準の進行にするのは反対です。
    ターン基準だからこそゲームに即していると考えられます。
    ただそれを実処理時間として考えると長すぎる上に
    どの程度作業に時間を要するかが判然としない場合が
    あったりするのがネックなのです。
    本家ＣＤＤＡと同等の処理時間で収める必要があります」

----------------------------------------------------------------
[0]【最重要】根拠にしていた数値が信頼できないことが判明した
----------------------------------------------------------------
「1 ターンの実処理時間」として本プロジェクトが根拠にしてきた
数値は 2 つあるが、調べたところ【どちらも合成ベンチの値】で
実プレイの計測ではなかった。

(a) FACTS.md F-18 の「1 ターン全パイプライン 0.8600 ms」

  出典は bench/activity_paths.c。中身を確認した:

    static void burn( int units )
    {
        unsigned long s = sink;
        for( int i = 0; i < units; ++i ) {
            s += ( unsigned long )sqrt( ( double )( i & 1023 ) + 1.0 );
        }
        sink = s;
    }
    static void part_process_items( void )  { burn( 20000 ); }
    static void part_monmove( void )        { burn( 40000 ); }
    static void part_mon_info( void )       { burn( 60000 ); }
    static void part_process_turn( void )   { burn( 25000 ); }
    static void part_activity_doturn( void ){ burn( 400 ); }

  burn() は sqrt を回すだけの空ループで、60000 や 40000 という
  数字は【手で決めた定数】である。実際の mon_info_update() や
  monmove() を測ったものではない。

(b) FACTS.md F-01 の「0.1030 ms/turn」

  出典は bench/asyncify_overhead.cpp。
  「resembles CDDA's per-turn hot loops: many small virtual/indirect
    calls over ...」とコメントにある通り、仮想呼び出しを模した
  合成コードであり、CDDA のターン処理そのものではない。

この 2 つは【8.3 倍食い違っている】(0.8600 / 0.1030 = 8.35)。
どちらも実測でないため、
「本家 CDDA と同等の処理時間に収める」という目標に対して
出発点となる数値が存在しない状態だった。

これは本プロジェクトが繰り返してきた失敗の型そのものである:
  F-23: リンクが遅い真犯人を Asyncify と誤認していた
        （実際は inlining-optimizing パス）
  F-27: em++ の exit code 0 を成功と誤認し、
        起動不能な wasm を配信した

いずれも「実物を測らずに推測で判断した」ことが原因だった。
今回も同じ轍を踏むところだった。

----------------------------------------------------------------
[1] 誤った方向へ進みかけた経緯（記録として残す）
----------------------------------------------------------------
最初、上の 0.8600 ms を前提に「進捗表示の更新間隔」を
実時間基準に変える実装を書いた。

一次資料で確定した上流の構造（src/do_turn.cpp:891-908）:

    if( player_is_sleeping ) {
        wait_refresh_rate = 30_minutes;      /* = 1800 ターン */
    } else if( 進捗メッセージあり ) {
        ACT_AUTODRIVE  → 1_turns
        ACT_FIRSTAID   → 5_turns
        それ以外       → 5_minutes;         /* = 300 ターン */
    }

これを 0.8600 ms/turn で実時間に換算すると（bench/progress_refresh_rate.c）:

  行動                       総ターン  実時間   進捗更新回数  更新間隔
  粉砕 死体 1 個                  30     26ms        1 回      258ms
  粉砕 死体 5 個                 150    129ms        1 回      258ms
  粉砕 死体 20 個                600    516ms        3 回      258ms
  読書 技能書 1 冊              1800   1548ms        7 回      258ms
  製作 30 分レシピ              1800   1548ms        7 回      258ms
  解体 中サイズ死体             1800   1548ms        7 回      258ms
  睡眠 8 時間                  28800  24768ms       17 回     1548ms

実時間 200ms 基準にした場合の改善（bench で試算）:

  行動                前:回数  前:間隔  後:回数  後:間隔  追加負荷
  粉砕 死体 1 個          1回    258ms     1回     26ms    0.00%
  粉砕 死体 5 個          1回    258ms     1回    129ms    0.00%
  粉砕 死体 20 個         3回    258ms     3回    258ms    0.00%
  粉砕 死体 40 個         5回    258ms     6回    206ms    0.04%
  読書 技能書 1 冊        7回    258ms     8回    221ms    0.03%
  睡眠 8 時間            17回   1548ms   124回    201ms    0.19%

しかしこの案は【却下した】。理由は 2 つある。

(1) ユーザーの明確な方針
    「ターン基準だからこそゲームに即している」
    実時間で表示を詰めるのはゲームの時間感覚を壊す。

(2) より本質的な問題
    実時間基準にすれば表示は滑らかになるが、それは
    「実処理時間が本家より長い」という本質に蓋をするだけである。
    直すべきは 1 ターンあたりの実処理コストそのものである。

さらに、上の表そのものが (a) の信用できない 0.8600 ms を
前提にしているので、判断材料として使えない。

→ 実装は撤回した（due_by_real_time / last_wait_redraw_ms /
  wait_redraw_interval_ms を全て削除、grep で 0 件を確認）。

----------------------------------------------------------------
[2] 採った方針: まず実測できる状態を作る
----------------------------------------------------------------
「本家と同等に収める」ためには、まず自分の数値を知る必要がある。
そこで src/do_turn.cpp に sample_activity_turn() を追加した。

アクティビティ（睡眠を含む）が継続している間の
  - 経過ターン数
  - 実経過時間（ms）
  - 1 ターンあたりの実時間（ms）
を集計し、終了時に 1 行だけ報告する。

  [perf] smashing: 30 turns in 60 ms (2.000 ms/turn)
  [perf] reading: 1800 turns in 3200 ms (1.778 ms/turn)

これで得られること:

(a) 本家との比較が可能になる
    プレイヤー自身の環境（4GB Chromebook を含む）で
    「読書 1800 ターンに実際何 ms かかったか」が分かる。
    ネイティブの本家 CDDA で同じ行動をして数値を比べれば、
    「本家同等」の達成度を客観的に判定できる。
    次にどこを最適化するかは、この数値を見てから決める。

(b) 報告の「どの程度作業に時間を要するかが判然としない」
    への直接の答えになる
    行動が終わったときに「何ターンで何 ms だったか」が必ず残る。

----------------------------------------------------------------
[3] 設計判断
----------------------------------------------------------------
* 常時有効にする（デバッグモード限定にしない）
    デバッグメニューから有効化する方式だと、報告を受けたときに
    「まず有効化してもう一度やってください」という往復が必要になる。
    集計コストは steady_clock の読み取り 1 回と整数加算数個だけで、
    計測対象（1 ターン数百マイクロ秒以上）に対して無視できる。
    報告はアクティビティ終了時の 1 回だけなのでログを汚さない。

* 1 ターンで終わる行動は報告しない（turns < 2 で return）
    役に立たないうえログを埋めるだけである。

* アクティビティが切り替わったら前の分を報告して測り直す
    報告せずに捨てると、連続作業（解体 → 粉砕など）の
    内訳が分からなくなる。

*【重要】do_turn.cpp の匿名 namespace に置く
    最初 game.h にクラス（activity_turn_profiler）を宣言し
    game.cpp に実装を書いたが【撤回した】。

    理由: game.cpp は約 14000 行で巨大なヘッダ群を含み、
    本サンドボックス（メモリ 985MB / 2 コア）では
    em++ -fsyntax-only すら完走しない。実際に:

      $ em++ -fsyntax-only ... src/game.cpp
      → 120 秒でタイムアウト。
        バックグラウンドで 6 分以上回しても終わらず、
        最終的にサンドボックス全体が応答不能になり
        ResetSandbox が必要になった。
        リセット後の空きメモリは 672MB / 985MB。

    検証できない変更を入れるのは F-27 の再来（exit code 0 を
    信じて起動不能な wasm を配信した）なので、呼び出し元と
    同じ翻訳単位に閉じて【必ず検証できる形】にした。
    状態は関数 static で保持する（1 ゲームに 1 つで十分）。

----------------------------------------------------------------
[4] 併せて直した: 粉砕に進捗表示が無かった
----------------------------------------------------------------
これは数値の不確かさとは独立した【構造的な欠陥】である。

pulp_activity_actor には get_progress_message() が【未実装】で、
activity_actor の既定実装（空文字列）が使われていた。

  $ grep -n "get_progress_message" src/activity_actor_definitions.h
  105 / 263 / 467 / 528 / 580 / 947 / 1071 / 1181 / 1225 / 1284 /
  1321 / 1502
  → pulp_activity_actor（2453 行から）には無い

そのため画面には verb だけの「Smashing…」しか出ず、
残り死体数も現在の死体の進捗も分からない。

なぜブラウザで特に問題になるか:
  pulp_activity_actor::do_turn は「1 ターンで死体 1 個だけ」叩く
  （activity_actor.cpp:8762 "pulp at most one corpse per turn"）。
  1 死体を壊すには time_to_pulp 回叩く必要があり、人間サイズ
  （62.5L）で最低 30 ターン
  （game.cpp:14345 min_time_to_pulp = 30 * corpse_volume / 62.5）。
  死体 20 個なら 600 ターン以上になる。

表示内容:
  死体が複数残っている場合   「3 corpses left (45%)」
  最後の 1 体の場合         「45%」

実装上の注意:
  現在叩いている死体を探す走査を、do_turn と同じ順序（後ろから）に
  している。順序が違うと「進捗が進んでいるのに数字が動かない」
  という別種の分かりにくさを生むため。

本関数は const で item の damage() / max_damage() を読むだけ。
ゲーム状態を変更しないので挙動に影響しない。

----------------------------------------------------------------
[5] ターン基準を維持したうえで追加した yield
----------------------------------------------------------------
更新間隔の判定はターン基準のまま維持したが、
「ターン基準で描くと決まった回に、その内容が実際に画面へ出る」
ようにする yield を 1 つ追加した。

refresh_display()（sdltiles.cpp:542）は SDL の
SetRenderTarget / ClearScreen / RenderCopy / RenderPresent を
呼ぶだけで、ブラウザのイベントループに制御を返さない。
そのため yield しないと「描いたのに表示されないまま
次のターンへ進む」ことになる。

これは表示頻度を変えるものではない（回数はターン基準のまま）。
CATA_WEB_YIELD() は 16ms の時間予算付きで MessageChannel 経由なので
1 回 0.075ms（F-01）。

----------------------------------------------------------------
[6] 検証
----------------------------------------------------------------
(1) 構文検証

  $ em++ -fsyntax-only -std=c++17 -DEMSCRIPTEN -DTILES ... src/do_turn.cpp
  → エラーゼロ
  $ em++ -fsyntax-only ... src/activity_actor.cpp
  → エラーゼロ
  （警告は既存の dialogue_helpers.h:43 の
    -Wmaybe-uninitialized のみ）

  game.h は完全に元通りに戻したことを diff で確認:
  $ diff <(git show HEAD:src/game.h) src/game.h
  → 差分なし

(2) 計測ロジックの独立実行検証（bench/activity_profiler_logic.cpp）

  実装をそのまま切り出してコンパイル・実行した。

  == (1) 粉砕を 30 ターン（1 ターン 2ms 相当）==
  [perf] smashing: 30 turns in 60 ms (2.000 ms/turn)
  == (2) 1 ターンだけの行動は報告しない ==
     （何も出ない = 正しい）
  == (3) 途中で別のアクティビティに切り替わる ==
  [perf] butchering: 5 turns in 15 ms (3.000 ms/turn)
  [perf] smashing: 5 turns in 5 ms (1.000 ms/turn)
  == (4) 睡眠 ==
  [perf] sleep: 10 turns in 10 ms (1.000 ms/turn)
  == (5) 非アクティビティ中に 100 回呼んでも無害 ==
     （何も出ない = 正しい）
  DONE

  ターン数・実時間・1 ターンあたりの計算が全て一致した。

(3) パッチ化と再現性

  $ git apply --check patches/cdda-0I-emscripten-activity-perf.patch
  check rc=0
  $ git apply patches/cdda-0I-emscripten-activity-perf.patch
  apply rc=0
  $ diff -q src/do_turn.cpp（編集直後の内容）           → 一致
  $ diff -q src/activity_actor.cpp                      → 一致
  $ diff -q src/activity_actor_definitions.h            → 一致

(4) 全 9 パッチの通し適用

  完全クリーンなツリー（git checkout -- . と未追跡ファイル削除後）:

  [PATCH] mo-reader
  [PATCH] loader-yield
  [PATCH] mod-finalize-yield
  [PATCH] world-yield
  [PATCH] json-cache
  [PATCH] idbfs-debounce
  [PATCH] activity-and-ime
  [PATCH] input-queue
  [PATCH] activity-perf
  [VERIFY] パッチ適用結果を確認
  [VERIFY] OK: 全 9 パッチが意図どおり適用された

(5)【重要】検証機構そのものの negative test

  意図的に壊して、必ず失敗することを確認した。

  壊し方                                     結果
  ------------------------------------------ ------
  計測呼び出しをコメントアウト               rc=1（検出成功）
  粉砕の実装を削除                           rc=1（検出成功）
  pulp クラス内の宣言だけ削除                rc=1（検出成功）
  呼び出しを 2 重にする                      rc=1（検出成功）
  計測を do_turn の直列部分の外へ移動        rc=1（検出成功）
  復元後                                     VERIFY OK

  ---- この過程で踏んだ 2 つの見逃し（重要な記録）----

  見逃し 1: テスト harness に set -e が無かった
    検証ブロックだけを sed で抽出して /tmp/vo.sh として実行したが、
    本番スクリプト冒頭の `set -euo pipefail` を含めていなかった。
    そのため grep -q の失敗が無視され、【壊したのに rc=0】に
    なっていた。harness に set -euo pipefail を明示して修正した。

  見逃し 2: 宣言の grep をファイル全体にかけていた
    `std::string get_progress_message( const player_activity & )
      const override;`
    という同一の行は他の activity_actor にも存在し、実測で
    ファイル内に 4 箇所あった。pulp のものだけを消しても
    ファイル全体の grep は通ってしまい【検出できなかった】。

    → pulp クラスの本体だけを切り出して検査する形に修正した:

        pulp_class_line="$( grep -n '^class pulp_activity_actor' ... )"
        sed -n "${pulp_class_line},+120p" ... \
          | sed -n "1,/^class [a-z_]*activity_actor/p" \
          | grep -q '^ *std::string get_progress_message...'

    修正後、pulp の宣言だけを削除して rc=1 になることを確認した
    （削除した行: 2491）。

  この 2 件はいずれも「検証は通ったのに機能していない」という
  最悪の失敗モードである。negative test をしなければ
  そのまま出荷していた。

(6) 位置検査の設計

  計測呼び出しが do_turn() の【直列部分】にあることを
  行番号の大小で検査している:

      debug_hour_timer.print_time() 行
        < sample_activity_turn 行
        < u.update_body() 行

  この 3 つは do_turn() の直列部分に並んでいるので、
  順序が保たれていればループの外にあることが保証される。
  ループ内に入ると 1 ターンで複数回加算され計測が壊れるため、
  この検査は必須である。

  行数固定の grep -A/-B では検査できない（間に説明コメントが
  60 行以上入る）ので、行番号比較にした。

----------------------------------------------------------------
[7] 次にやること（この計測の結果を見てから決める）
----------------------------------------------------------------
本パッチをデプロイし、プレイヤーの実環境で

  [perf] smashing: N turns in M ms (X ms/turn)

の X を得る。その値と、ネイティブ本家 CDDA の同一行動の値を
比較して初めて「本家同等」への距離が分かる。

比較対象の候補（実測後に優先順位を決める）:
  - mon_info_update() の LOS 全走査
    （F-18 では 71.7% を占めるとされたが、それも合成値）
  - build_map_cache / build_floor_caches の層数
  - process_items / monmove
  - Asyncify 計装（F-01 で否定済みだが、それも合成値）

【この順序を守ること】。合成ベンチの数字で優先順位を決めると、
F-23（Asyncify 誤認）と同じ失敗を繰り返す。

----------------------------------------------------------------
[8] 一般化できる教訓
----------------------------------------------------------------
1. ベンチマークが「実物を測っているか」を必ず確認する。
   burn(60000) のような合成負荷は、書いた本人には
   「モデル化」に見えるが、後から読むと実測値と区別できない。
   FACTS.md に載った時点で誰も疑わなくなる。
   合成なら合成と、その場に明記しなければならない。

2. 数字が 2 つあって食い違っているなら、両方疑う。
   0.8600 と 0.1030 の 8.3 倍の差に気付いた時点で、
   「どちらかが正しい」ではなく「どちらも怪しい」と考えるべきだった。

3. ユーザーの方針は最適化の前提条件として扱う。
   「ターン基準だからこそゲームに即している」という指摘は、
   技術的な良し悪しの話ではなく設計の前提である。
   実時間基準の案は技術的には成立していたが、前提に反するので
   却下するのが正しい。

4. 検証できない場所に変更を入れない。
   game.cpp に実装を置いたままなら、構文検証すらできない状態で
   コミットすることになっていた。それは F-27 と同じ構図である。
   検証できる場所へ実装を移すのは、妥協ではなく必須条件である。

5. negative test は harness ごと疑う。
   set -e の欠落と grep の範囲、2 件とも harness 側の欠陥だった。
   「壊したのに通った」を見たとき、まず疑うのは harness である。

================================================================
