==============================================================
wasm-opt の所要時間を規模別に実測し、削減手段を確定した記録
==============================================================
背景:
  run 33730439512 の実測で、Action 4時間23分のうち
  wasm-opt 単独が 4時間02分（93%）を占めることが判明した
  （docs/measurements/raw/2026-09-04-link-breakdown-real.log）。
  そこで「wasm-opt の中で何が時間を食っているか」を
  本番に近い規模で測った。

--------------------------------------------------------------
【反省】前回の測定は規模が小さすぎて誤った結論を出していた
--------------------------------------------------------------
  FACTS.md F-22-1 では「-O2 は -Os より 41% 速い」と記録した。
  しかしそれは 246KB の小さな wasm での値だった。
  規模を上げて測り直すと 20% であり、41% は【過大評価】だった。

  さらに前回は -O1 を「出力が 18 倍に膨らむ」として棄却したが、
  それも小規模ケース特有の現象で、実規模では +2.6% しか増えない。
  つまり【棄却の判断そのものが誤り】だった。

  教訓: 最適化の測定は本番規模でやらないと、
        短縮率も副作用も両方まちがえる。

--------------------------------------------------------------
測定条件
--------------------------------------------------------------
  wasm-opt version 116 (emsdk 3.1.51 同梱)
  引数は本番ログ（run 33730439512, ログ 5095 行目）から採取した実物:
    --strip-target-features --post-emscripten --low-memory-unused
    --asyncify --pass-arg=asyncify-imports@...
    --zero-filled-memory --mvp-features --enable-bulk-memory
    --enable-mutable-globals --enable-sign-ext
  入力: 関数 N 個が数珠つなぎに呼び合い、各関数が
        条件付きで EM_ASYNC_JS を呼ぶ C を生成してビルドした wasm。
        （Asyncify に「巻き戻す可能性のある呼び出しグラフ」を
          本番同様に解析させるための形）
  時間は bash の TIMEFORMAT='%3R' による実時間。

--------------------------------------------------------------
結果 1: 最適化レベル別の所要時間（本命）
--------------------------------------------------------------
  N=1000（raw 438KB）
     -Os   17.457 s   435,596 B   ← 現状
     -O2   13.993 s   447,282 B   ( -20% / サイズ +2.7% )
     -O1    3.817 s   446,905 B   ( -78% / サイズ +2.6% )

  N=2000（raw 868KB）
     -Os   34.634 s   862,809 B
     -O2   27.912 s   886,119 B   ( -19% / +2.7% )
     -O1    7.759 s   884,835 B   ( -78% / +2.6% )

  → N を 2 倍にすると時間もほぼ 2 倍。【完全に線形】。
    したがって本番（4時間02分）にも同じ比率が期待できる:
       -Os 4:02  →  -O2 約 3:14  →  -O1 約 53 分

  → サイズは -O1 でも +2.6% しか増えない。
    4GB Chromebook 要件に対して 2.6% は許容範囲。

--------------------------------------------------------------
結果 2: pass 単位の内訳（N=1000, BINARYEN_PASS_DEBUG=1）
--------------------------------------------------------------
  pass                          -Os        -O2       差
  inlining-optimizing        12.422 s    9.497 s   2.925
  asyncify                    2.747 s    2.733 s   0.014
  optimize-stack-ir           0.515 s    0.415 s   0.100
  simplify-locals             0.187 s    0.186 s   0.001
  simplify-globals-optimizing 0.149 s    0.153 s  -0.004
  coalesce-locals             0.129 s    0.117 s   0.012
  optimize-instructions       0.126 s    0.113 s   0.013
  optimize-added-constants-p  0.122 s    0.000 s   0.122
  ssa-nomerge                 0.089 s    0.000 s   0.089
  （他 24 種は各 0.1 秒未満）
  合計                       17.435 s   14.106 s   3.329

  【最重要】真犯人は asyncify ではなく inlining-optimizing である。
     inlining-optimizing  12.42 s = 全体の 71%
     asyncify              2.75 s = 全体の 16%

  これまで「Asyncify の大域解析が重い」と説明してきたが、
  それは誤りだった。Asyncify は 16% にすぎない。
  時間を食っているのは -Os/-O2 が回すインライン展開の反復である。

  -O1 が劇的に速いのは、-O1 が inlining-optimizing を
  実行しない（または大幅に軽い設定で回す）ためである。

--------------------------------------------------------------
結果 3: CPU 並列度（本番ログより）
--------------------------------------------------------------
  本番 wasm-opt の CPU 使用率は平均 105%（= 1.05 コア）。
  ubuntu-latest は 4 コアなので約 2.9 コアが 4 時間遊休。
  RSS は最大 6.46GB / 16GB。メモリは足りている。

  → コア数の多いランナーに変えても効果は薄い。
    効くのは「仕事量そのものを減らす」= 最適化レベルの見直し。

--------------------------------------------------------------
結論と採用方針
--------------------------------------------------------------
 (A) 配信用ビルド: -Os → -O2
     時間 -20%（4:02 → 約 3:14）、サイズ +2.7%。
     最適化の質は保たれるので、公開する成果物はこれ。

 (B) 検証用ビルド: -O1
     時間 -78%（4:02 → 約 53 分）、サイズ +2.6%。
     「改善を試して挙動を確かめる」用途にはこれで十分。
     ゲームの改良サイクルを回すのが目的なら、
     毎回 4 時間待つ必要はまったく無い。

 (C) やっても無駄と確認できたこと
     ・コア数の多いランナーへの変更（1.05 コアしか使わない）
     ・メモリ増強（6.5GB / 16GB で余裕がある）
     ・wasm-opt の多重起動（本番でも起動は 1 回だけ）
