==============================================================
Action 所要時間の実測内訳（run 33730439512 / 2026-09-03）
==============================================================
取得方法:
  gh run view 33730439512 --log
  → 進捗モニタが 60 秒ごとに出力した ps 行（2218 サンプル）を解析。
  ps の書式: PID PPID STAT CPUTIME %CPU %MEM COMMAND

--------------------------------------------------------------
【結論】Action 4時間23分の 93% は wasm-opt 単独である
--------------------------------------------------------------
プロセス      開始      終了      継続        平均CPU%  最大RSS
clang       07:57:33  08:11:33  0:14:00       100%     1.54 GB
wasm-opt    08:12:33  12:14:37  4:02:04       113%     6.46 GB
node        12:15:37  12:15:37  0:00:00       200%     0.10 GB

  ジョブ全体 : 08:53:33 → 12:16:18（Runner.Worker）
  実処理     : clang 14分 + wasm-opt 4時間02分

--------------------------------------------------------------
【最重要】wasm-opt は 4 コアのうち 1.1 コアしか使っていない
--------------------------------------------------------------
CPU% の推移（100% = 1 コア）:
  経過 0:00  112%      経過 1:31  104%
  経過 0:14  109%      経過 2:06  103%
  経過 0:42  107%      経過 2:41  103%
  経過 1:03  105%      経過 3:02  103%（終了時）
  平均 105% / 最大 112% / 最小 103%

  → ubuntu-latest は 4 コア。うち約 2.9 コアが 4 時間ずっと遊休。
  → F-22 で「wasm-opt はマルチスレッド」と実測したが、
    それはローカルの小さな wasm での話。
    CDDA 実物（約 40MB wasm）では並列化がほとんど効いていない。
    理由は Asyncify の【大域呼び出しグラフ解析】が逐次であり、
    ここが Amdahl の直列部分として支配的になるため。

  【教訓】小さなテストケースでの並列度は、実物では再現しない。
         本番相当のサイズで測らないと判断を誤る。

--------------------------------------------------------------
メモリ推移（%MEM。ubuntu-latest = 16GB）
--------------------------------------------------------------
  開始直後 39.7% = 6.35 GB
  ピーク   40.2% = 6.46 GB
  終了時   28.3% = 4.53 GB

  → 16GB のうち 6.5GB。メモリは【足りている】。
    16 コア/64GB ランナーに上げてもメモリ理由での改善は無い。
    効くのはコア数ではなく「wasm-opt の仕事量そのもの」を減らすこと。

--------------------------------------------------------------
wasm-opt の実コマンドライン（ログ 5095 行目より）
--------------------------------------------------------------
  wasm-opt --strip-target-features --post-emscripten
           -Os --low-memory-unused
           --asyncify
           --pass-arg=asyncify-imports@env.invoke_*,env.__asyncjs__*,
              *.fd_sync,*.emscripten_promise_await,*.emscripten_idb_*,
              *.emscripten_sleep,*.emscripten_wget_data,
              *.emscripten_scan_registers,*.emscripten_lazy_load_code,
              *._load_secondary_module,*.emscripten_fiber_swap,*._emval_await
           --zero-filled-memory
           --pass-arg=directize-initial-contents-immutable
           cataclysm-tiles.wasm -o cataclysm-tiles.wasm
           --mvp-features --enable-threads --enable-bulk-memory
           --enable-mutable-globals --enable-sign-ext

  重要な観察:
   1) -Os と --asyncify が【同一プロセス】で走っている。
      → 「-Os を -O2 にする」施策はこのプロセスに直接効く。
   2) 起動は【1 回だけ】（PID 5196 のみ、243 サンプル全て同一 PID）。
      → wasm-opt を複数回呼んでいるわけではない。1 回が 4 時間。
   3) 入力と出力が同じファイル（cataclysm-tiles.wasm）。

--------------------------------------------------------------
削減の見込み（優先度順）
--------------------------------------------------------------
 (1) -Os → -O2
     ローカル実測で 41% 短縮（FACTS.md F-22-1）。
     4:02 → 約 2:23 相当。最大の単発効果。
     ※ ただしローカルは小規模ケース。実物での効果は要検証。

 (2) ASYNCIFY_ADD / ASYNCIFY_ONLY で変換対象を絞る
     現状は「全関数」を解析対象にしている。
     yield する関数だけに絞れれば解析量が桁で減る。
     ※ ASYNCIFY_IGNORE_INDIRECT は mapgen.h:62 の
       virtual generate() があるため【安全でない】（F-22 既出）。

 (3) リンク成果物のキャッシュ
     ソース無変更なら wasm-opt を丸ごと飛ばす。
     「改善サイクルを回す」目的にはこれが一番効く。

 (4) デバッグ用の高速リンク経路を別に用意する
     -O0 相当で 5 分リンク → 挙動確認だけならこれで足りる。
     本番配信用の -O2 リンクは別ジョブ／別トリガにする。
