=== 製作（クラフト）ターンの描画停止 実測ログ ===
日付: 2026-09-03
環境: Chromium (Playwright 同梱) / Emscripten 3.1.51 / -O3 -sASYNCIFY
ベンチ: bench/craft_real.c

$ emcc craft_real.c -o craft_real.html -O3 -sASYNCIFY \
    -sINITIAL_MEMORY=64MB -sALLOW_MEMORY_GROWTH \
    -sASYNCIFY_STACK_SIZE=1048576 -sSTACK_SIZE=1048576
（成功）

$ CHROME_PATH=~/.cache/ms-playwright/chromium-1234/chrome-linux64/chrome \
    node ../e2e/run-bench-all.js http://localhost:8098/craft_real.html 180000

------------------------------------------------------------
[1] 部品ごとの単体コスト
------------------------------------------------------------
[1a] get_default_mode_input_context() 相当（register_action 146 回）
     = 0.0521 ms / 回
[1b] 製作 1 ターンの実処理
     （craft_activity_actor::do_turn + 毎ターン処理相当）
     = 0.0401 ms / 回
[1c] 画面更新（ui_manager::redraw() + refresh_display() 相当）
     = 0.0952 ms / 回

★ 決定的な事実:
   入力コンテキストの構築（0.0521ms）が
   製作 1 ターンの実処理そのもの（0.0401ms）より重い。
   handle_key_blocking_activity() はこれを毎回作り直していた。

   146 個の register_action は input_context.cpp:199 で std::find の
   線形走査をするため、146 x 145 / 2 = 10585 回の文字列比較が発生する。

------------------------------------------------------------
[2] 4000 ターン相当の比較（製作 1 件分に相当）
------------------------------------------------------------
[2] 現行（100ms 制限 / 毎回 ctxt 構築 / emscripten_sleep(0)）
    総時間 160.0ms / 画面更新 1 回 / 描画フレーム 1 / 最大描画停止 101.3ms

[3] MessageChannel のみに差し替え（100ms 制限は維持）
    総時間 151.5ms / 画面更新 1 回 / 描画フレーム 1 / 最大描画停止 101.3ms

[4] 16ms + MessageChannel（ctxt は毎回構築）
    総時間 160.3ms / 画面更新 9 回 / 描画フレーム 9 / 最大描画停止 17.3ms

[5] 16ms + MessageChannel + ctxt 再利用（static 化）
    総時間 150.7ms / 画面更新 9 回 / 描画フレーム 9 / 最大描画停止 16.8ms

------------------------------------------------------------
[3] 低速機（CPU 3 倍遅い想定）
------------------------------------------------------------
[6] 低速機 + 現行
    総時間 162.3ms / 描画フレーム 1 / 最大描画停止 100.5ms
[7] 低速機 + 改善案（16ms + MessageChannel + ctxt 再利用）
    総時間 158.3ms / 描画フレーム 9 / 最大描画停止 17.2ms

DONE

------------------------------------------------------------
[4] 読み取り
------------------------------------------------------------
1. 製作が遅く感じる原因は「計算が遅い」ことではない。
   4000 ターン回しても総時間は 160ms しかかかっていない。
   問題は【その 160ms の間に画面が 1 回しか更新されない】こと。

2. do_turn.cpp:579 の redraw 条件は
       if( !u.activity && ... )
   なので、製作・分解・読書といった activity 中は
   通常の描画経路を【完全に飛ばす】。
   残る唯一の描画経路が handle_key_blocking_activity() だが、
   これが do_turn.cpp:607-616 で 100ms のレート制限を受けている。
   コメントには "Rate limit key polling to 10 times a second" とあるが、
   ブラウザでは【100ms ごとにしかブラウザへ制御が戻らない】という意味になる。

3. ★最重要の否定的結果★
   [3] を見ると、yield プリミティブを MessageChannel に差し替えるだけでは
   最大描画停止は 101.3ms から【まったく変わらない】。
   つまり F-01〜F-05 の粉砕向け修正は製作を速くしない。
   100ms のレート制限そのものを下げる必要がある。

4. 100ms → 16ms にすると描画フレームが 1 → 9 と 9 倍になり、
   最大描画停止は 101.3ms → 17.3ms（5.9 分の 1）になる。
   このとき総時間は 160.0ms → 160.3ms で【実質ゼロコスト】。
   レート制限を厳しくしても総処理時間は増えない。

5. さらに ctxt を static で再利用すると 160.3ms → 150.7ms となり、
   改善前（160.0ms）より【6% 速くなる】。
   描画回数を 9 倍にしながら総時間が縮むという、
   トレードオフのない純粋な改善になる。

6. 低速機ほど恩恵が大きい。[6] vs [7] で描画フレームが 1 → 9。
   RAM 4GB / 低クロックの Chromebook では
   「100ms 間まったく反応しない」状態が解消される。

------------------------------------------------------------
[5] static input_context の安全性確認
------------------------------------------------------------
get_default_mode_input_context() (game.cpp:2672-2828) を精査した結果:

- register_action 呼び出しは 146 個、うち 10 個が to_translation を使う。
- 【実行時条件分岐はゼロ】。#if !defined(RELEASE) と
  #if !defined(__ANDROID__) && !defined(EMSCRIPTEN) の
  コンパイル時分岐のみ。
  → 呼ぶタイミングによって内容が変わらないので、キャッシュしても安全。

- キーバインドの解決は input_context::input_to_action
  (input_context.cpp:140-154) が毎回
      inp_mngr.get_input_for_action( action, category )
  を呼ぶ。
  → コンテキストをキャッシュしても、ゲーム中にキーバインドを
     変更した場合はちゃんと追従する。古い割り当てが残らない。

- ただし static 化は EMSCRIPTEN 限定にした。
  Android は input_context_stack をクイックショートカット表示に使うため、
  DEFAULTMODE のコンテキストが常駐するとその表示が変わる恐れがある。
