================================================================
2026-09-07 入力取りこぼしの調査と修正（F-28 の一次記録）
================================================================

出発点となった報告:
  「起動完了。それとマップを移動している感じ、反応というか追従性が
    やはり悪い。短時間に何度も移動すると追いつかなくなる。
    これをリアルタイム性にしてほしい」

  追加報告:
  「粉砕なども多数の対象オブジェクトが一箇所に重なっているときに
    実行した場合も含め、あまりにも膨大な時間がかかる。（略）
    あらゆるロード処理、ターン経過が発生する処理について特に顕著で、
    合間の自動セーブ挙動も高速化しないといけないかもしれない」

----------------------------------------------------------------
[0] まず否定した仮説
----------------------------------------------------------------
yield プリミティブのコストが原因ではないことを先に確定させた。

本番の配信物 https://lbtstudio.github.io/CDDA-broser/cataclysm-tiles.js
（342,536 B）を実際にダウンロードして中身を確認した。

  function __asyncjs__cata_web_yield_impl(){return Asyncify.handleAsync(
    async()=>{ if(!Module._cataWebYieldChannel){
      var ch=new MessageChannel; var pending=[]; ... } ... })}
  function __asyncjs__cata_web_yield_paint_impl(){return
    Asyncify.handleAsync(async()=>{ await new Promise(function(resolve){
      requestAnimationFrame(function(){resolve()})})})}

→ MessageChannel 版の yield（F-01 で実測 0.075ms、
  emscripten_sleep(0) の 4.25ms に対して 57 倍速い）は
  【既に本番で稼働している】。

したがって残っている症状は yield の 1 回あたりコストとは
別の原因である。ここが今回の出発点になった。

----------------------------------------------------------------
[1] SDL イベント排出ループの構造を機械的に確定
----------------------------------------------------------------
src/sdltiles.cpp の CheckMessages() を波括弧の対応で厳密に切り出した。

  $ python3 (波括弧対応でループ範囲と break を抽出)
  loop starts at line 3166
  loop ends at line 3742  total lines: 577
  ループ本体レベルの break/continue: なし

switch 内の break（switch を抜けるだけ）を除外し、
「ループ自体を抜けるもの」だけを抽出し直した:

  ★ ループ自体を抜ける break/continue:
     line 3740 depth=2: break;
        文脈: if( text_refresh && !is_repeat ) {

→ 排出ループを途中で抜ける経路は SDL_TEXTINPUT 用の 1 個だけ。

その break が移動キーで発火しないことも確認した:

  src/game.cpp:2676
    input_context ctxt( "DEFAULTMODE", keyboard_mode::keycode );

移動は keycode モードなので SDL_TEXTINPUT を経由せず、
text_refresh は真にならない。

→ 【確定】移動キーは 1 回の CheckMessages() で最後まで飲まれる。

----------------------------------------------------------------
[2] 受け皿が単一変数であることを確定
----------------------------------------------------------------
  src/sdltiles.cpp:150   input_event last_input;
  src/sdltiles.cpp:4231  return last_input;

入力キューは存在しない（input.h の std::vector<input_event> は
キーバインド定義用で、入力の保持ではない）。

→ 【確定】飲んだ N 個は全て last_input を上書きし、
  呼び出し側に渡るのは最後の 1 個だけ。

----------------------------------------------------------------
[3] 実測: 取りこぼしの再現（bench/input_queue_drop.c）
----------------------------------------------------------------
SDL のイベントキューそのものを使い、CheckMessages() と同じ構造
（while( SDL_PollEvent ) { last_input = ... }）で再現した。

  $ emcc drop.c -O1 -sUSE_SDL=2 -sENVIRONMENT=node -o dropn.js
  $ node dropn.js

  RESULT push=12
  RESULT turn=0 consumed_code=12
  RESULT turn=1 consumed_code=NONE
  RESULT turn=2 consumed_code=NONE
  ...
  RESULT turn=11 consumed_code=NONE
  RESULT pushed=12 seen_by_pump=12 actually_used=1 lost=11

→ 12 回押して、pump が見たのは 12 個、実際に使われたのは 1 個、
  【11 個が消滅】。

なお最初 SDL_INIT_VIDEO で書いたら Node で
  ReferenceError: screen is not defined
    at _emscripten_get_screen_size
となった。イベントキューだけ使うので SDL_INIT_EVENTS に変更した。

----------------------------------------------------------------
[4] 実測: pump_events() による明示的破棄（bench/input_queue_pump_discard.c）
----------------------------------------------------------------
src/sdltiles.cpp:4096 の pump_events() は

    CATA_WEB_YIELD();
    CheckMessages();                 ← SDL キューを全部飲む
    last_input = input_event();      ← ★飲んだ結果を明示的に破棄
    previously_pressed_key = 0;

この構造をそのまま再現した。

  RESULT scenario=ターン処理中に10回キーが届く
  RESULT pump_events_が飲んで捨てた=1
  RESULT get_input_event_が受け取れた=なし（待ちに入った）
  RESULT 結論=ターン処理中の入力は全て消える

pump_events() の呼び出し箇所を数えた:

  $ grep -rn "pump_events()" src/ | wc -l
  → src 内 35 箇所

移動 1 回のターン処理でも通る箇所:
  src/do_turn.cpp:306      （refresh されなかった場合の else 節）
  src/animation.cpp:79     （アニメーション待ち）
  src/cata_tiles.cpp:627   （タイルセット読み込み）
  src/cata_tiles.cpp:867
  src/map.cpp:7857 / 7873  （マップセーブ）
  src/mapbuffer.cpp:207
  src/savegame.cpp:305 / 308
  ほか

→ 【確定】ターン処理中に押したキーは、届いた瞬間に捨てられる。

----------------------------------------------------------------
[5] なぜ「短時間に何度も」で顕著になるのか
----------------------------------------------------------------
ブラウザの挙動と組み合わさって効く。

  wasm がメインスレッドを占有している間、ブラウザは keydown を
  DOM 側に溜め込む。yield した瞬間に、溜まった分をまとめて配送する。

つまり:
  ゆっくり 1 回ずつ押す → 1 個ずつ届く → 取りこぼしゼロ
  短時間に何度も押す   → まとめて届く → 最後の 1 個以外全部消滅

これが「短時間に何度も移動すると追いつかなくなる」の正体である。
「追いつかない」のではなく「入力が消えている」。

体感としては同じに見えるが、原因が違うので対策も違う。
yield をいくら速くしても、押した 20 回のうち 1 回しか
処理されないなら体感は 20 倍遅いままである。

----------------------------------------------------------------
[6] 対策と、その効果の実測（bench/input_queue_fix.c）
----------------------------------------------------------------
修正前（単一 last_input）と修正後（FIFO キュー）を同一条件で比較。

A) ターン処理中に pump_events() を挟む場合

  RESULT pressed= 1  before= 0  after= 1  OK 一致
  RESULT pressed= 2  before= 0  after= 2  OK 一致
  RESULT pressed= 3  before= 0  after= 3  OK 一致
  RESULT pressed= 5  before= 0  after= 5  OK 一致
  RESULT pressed=10  before= 0  after=10  OK 一致
  RESULT pressed=20  before= 0  after=20  OK 一致

B) pump なし・まとめて配送された場合

  RESULT pressed= 1  before= 1  after= 1  OK 一致
  RESULT pressed= 2  before= 1  after= 2  OK 一致
  RESULT pressed= 3  before= 1  after= 3  OK 一致
  RESULT pressed= 5  before= 1  after= 5  OK 一致
  RESULT pressed=10  before= 1  after=10  OK 一致
  RESULT pressed=20  before= 1  after=20  OK 一致

C) 上限 64 を超えた場合（暴走防止）

  RESULT pressed=200 after=65 （上限で頭切り＝押しっぱなし暴走なし: OK）

→ 押した回数と処理される回数が完全一致するようになった。

----------------------------------------------------------------
[7] 実装の設計判断
----------------------------------------------------------------
(a) 退避は「排出ループの冒頭」で行う

  switch は 577 行あり、last_input への代入点は
  キーボード / テキスト入力 / マウス / ジョイスティック等
  十数箇所に散在する。各代入点に手を入れると:
    - 漏れが出る
    - 上流が新しい代入点を追加したとき追従できない
  「次の周回に入る直前」という 1 点だけを押さえれば、
  どこで代入されたものでも確実に拾える。

  なおループを抜けた後の last_input は退避しない。
  そのまま呼び出し側へ渡るので、入力が 1 個だけの通常時は
  【従来と完全に同一】の経路になる。

(b) pump_events() は破棄をやめてキューへ戻す

  上流の意図は「このターンではキー入力として扱わない」であって
  「捨てる」ではない。ネイティブでは捨てても OS のキューに
  残っているので次に拾えるが、ブラウザでは CheckMessages() が
  SDL キューを空にした時点でもう存在しない。
  return_pending_input() で先頭に戻すことで、上流の意図を
  保ったまま入力を失わない。

(c) get_input_event() はキューを最優先で返す

  キューが空でない＝プレイヤーの操作が未消化で溜まっている状態。
  ここで描画や yield を挟むと、溜まりを捌く速度が
  フレームレート（rAF = 実測 15.9ms）に縛られてしまう。
  溜まっている間は最短経路で返し、解消してから通常の
  「描画して入力を待つ」経路に戻すのが最も応答が良い。

(d) drain_pending_input_if_idle() を 3 分岐すべてに入れる

  排出ループの【最後の】イベントが last_input を設定しない種類
  （無視されるマウス移動、ウィンドウイベント、未対応キー）
  だった場合、last_input は error のままだがキューには
  先に届いたキー入力が残っている。
  inputdelay の < 0 / > 0 / == 0 の 3 分岐すべてで補充する。

(e) マウス移動は溜めない

  「最新の位置」以外に意味がないので、溜めると移動キーの後ろに
  大量のマウス移動が並んで実際の移動が遅延する。

(f) 上限 64 で古いものから捨てる

  キー押しっぱなしやタブ長時間放置後の復帰で無制限に溜まると、
  指を離した後も延々と動き続けてプレイ体験を損なう。
  64 は 1 秒間に 60 回来ても 1 秒ぶん保持できる値。

----------------------------------------------------------------
[8] ゲームプレイ体験を損なわないことの根拠
----------------------------------------------------------------
- キューが空の通常時は全ての分岐を素通りするので、従来の挙動・
  描画タイミングと完全に同一。複数溜まったときだけ働く。

- ネイティブでは OS のイベントループが別に回っており、1 回の
  CheckMessages() に複数のキーが同時に溜まることは実質ない。
  つまりこのキューは「ネイティブでは自然に成立していた
  1 入力 = 1 ターンの対応」をブラウザで復元するものであり、
  ゲームの意味を変えるものではない。
  押した回数だけ動くのが本来の CDDA の挙動である。

- 非 EMSCRIPTEN ビルドは #else で全て空実装（no-op）。
  ネイティブのバイナリは 1 命令も変わらない。

----------------------------------------------------------------
[9] 検証
----------------------------------------------------------------
(1) 構文検証

  $ em++ -fsyntax-only -std=c++17 -DEMSCRIPTEN -DTILES ... src/sdltiles.cpp
  1 warning generated.   ← 既存の -Wmaybe-uninitialized（dialogue_helpers.h）
  rc=0

  新規のエラー・警告はゼロ。

(2) パッチ化と再現性

  $ git apply --check patches/cdda-0I-emscripten-input-queue.patch
  check rc=0
  $ git apply patches/cdda-0I-emscripten-input-queue.patch
  apply rc=0
  $ diff -q src/sdltiles.cpp (編集直後の内容)
  ★ 適用結果が編集内容と完全一致

(3) 全 8 パッチの通し適用

  完全クリーンなツリー（git checkout -- . と未追跡ファイル削除の後）で:

  [PATCH] mo-reader
  [PATCH] loader-yield
  [PATCH] mod-finalize-yield
  [PATCH] world-yield
  [PATCH] json-cache
  [PATCH] idbfs-debounce
  [PATCH] activity-and-ime
  [PATCH] input-queue
  [VERIFY] パッチ適用結果を確認
  [VERIFY] OK: 全 8 パッチが意図どおり適用された

(4)【重要】検証機構そのものの検証（negative test）

  「検証が通った」だけでは、検証が機能しているか分からない。
  意図的に壊して、必ず失敗することを確認した。

  === (2) stash をコメントアウト ===
    rc=1 （検出成功）
  === (3) pump_events の退避を削除 ===
    rc=1 （検出成功）
  === (4) drain を1箇所削る ===
    rc=1 （検出成功）
  === (5) 復元後に再度通るか ===
  [VERIFY] OK: 全 8 パッチが意図どおり適用された

  最初の実装では grep が部分一致だったため、コメントアウトを
  【見逃していた】（rc=0 で通ってしまった）。
  行頭一致 '^[[:space:]]*...' に直して検出できるようにした。
  これは「検証は通ったのに機能していない」という
  最悪の失敗モードなので、必ず negative test を通すこと。

  また stash の位置検査は最初 grep -B 3 で書いたが、
  間に説明コメントが 20 行入るため機能しなかった。
  行数固定をやめ、行番号の大小比較
    排出ループ開始行 < stash 行 < imclient->process_input 行
  に変えた。上流がループ構造を変えたときだけ失敗する。

----------------------------------------------------------------
[10] 一般化できる教訓
----------------------------------------------------------------
1. 「遅い」という症状は、必ずしも「処理が重い」ではない。
   今回は「入力が消えていた」。体感は同じでも原因が違うので、
   処理の高速化をいくら進めても直らなかった。
   症状の言葉（追いつかない）を、そのまま原因（処理が遅い）と
   読み替えてはいけない。

2. 既に施した最適化が効いているかを、まず配信物で確認する。
   本番 JS をダウンロードして MessageChannel 版 yield が
   入っていることを確認したからこそ、
   「yield ではない別の原因がある」と判断できた。
   これをしなければ、また yield の改善に時間を使っていた。

3. ネイティブでは無害な実装が、ブラウザでは致命的になる。
   pump_events() の last_input 破棄は、OS のイベントキューが
   別に存在するネイティブでは実害がない。
   「SDL キューを空にしたら、それが唯一の在処になる」という
   ブラウザ固有の前提の違いが欠陥に変わる。

4. 制御フローは目視ではなく機械的に確定させる。
   577 行の switch に対して「break があるか」を目で追うのは
   信頼できない。波括弧対応で切り出し、switch 内 break を
   除外して初めて「抜ける経路は 1 個だけ」と確定できた。

5. 検証コードは必ず negative test を通す。
   grep の部分一致でコメントアウトを見逃していた。
   「壊したときに失敗すること」を確認しない検証は、
   検証していないのと同じである。

================================================================
